// Jest Snapshot v1, https://goo.gl/fbAQLP

exports[`Cohort Details Component should always render same html 1`] = `"<div><h3>A2025 -<span>ReactJS</span></h3><dl><dt>Start Date:</dt><dd>2025-01-01</dd><dt>End Date:</dt><dd>2025-06-01</dd></dl></div>"`;
